ESP-ROM:esp32s3-20210327
Build:Mar 27 2021
rst:0x1 (POWERON),boot:0x8 (SPI_FAST_FLASH_BOOT)
SPIWP:0xee
mode:DIO, clock div:1
load:0x3fce3808,len:0x4bc
load:0x403c9700,len:0xbd8
load:0x403cc700,len:0x2a0c
entry 0x403c98d0
ESP32-S3 N16R8 temperature-control board starting
AHT20: not detected
INA226 (0x40, 10mOhm): not detected
[   590][E][Preferences.cpp:460] getString(): nvs_get_str len fail: mqttBroker NOT_FOUND
[   602][E][Preferences.cpp:460] getString(): nvs_get_str len fail: mqttPrefix NOT_FOUND
[   610][E][Preferences.cpp:460] getString(): nvs_get_str len fail: tz NOT_FOUND
[   617][E][Preferences.cpp:460] getString(): nvs_get_str len fail: ntp1 NOT_FOUND
[   624][E][Preferences.cpp:460] getString(): nvs_get_str len fail: ntp2 NOT_FOUND
[   632][E][Preferences.cpp:460] getString(): nvs_get_str len fail: staticIp NOT_FOUND
[   639][E][Preferences.cpp:460] getString(): nvs_get_str len fail: gateway NOT_FOUND
[   647][E][Preferences.cpp:460] getString(): nvs_get_str len fail: subnet NOT_FOUND
[   655][E][Preferences.cpp:460] getString(): nvs_get_str len fail: dns1 NOT_FOUND
[   662][E][Preferences.cpp:460] getString(): nvs_get_str len fail: dns2 NOT_FOUND
[   669][E][Preferences.cpp:503] getBytesLength(): nvs_get_blob len fail: mat00 NOT_FOUND
[   677][E][Preferences.cpp:503] getBytesLength(): nvs_get_blob len fail: mat01 NOT_FOUND
[   685][E][Preferences.cpp:503] getBytesLength(): nvs_get_blob len fail: mat02 NOT_FOUND
[   693][E][Preferences.cpp:503] getBytesLength(): nvs_get_blob len fail: mat03 NOT_FOUND
[   701][E][Preferences.cpp:503] getBytesLength(): nvs_get_blob len fail: mat04 NOT_FOUND
[   709][E][Preferences.cpp:503] getBytesLength(): nvs_get_blob len fail: mat05 NOT_FOUND
[   717][E][Preferences.cpp:503] getBytesLength(): nvs_get_blob len fail: mat06 NOT_FOUND
[   725][E][Preferences.cpp:503] getBytesLength(): nvs_get_blob len fail: mat07 NOT_FOUND
[   733][E][Preferences.cpp:503] getBytesLength(): nvs_get_blob len fail: mat08 NOT_FOUND
[   741][E][Preferences.cpp:503] getBytesLength(): nvs_get_blob len fail: mat09 NOT_FOUND
[   749][E][Preferences.cpp:503] getBytesLength(): nvs_get_blob len fail: mat10 NOT_FOUND
[   757][E][Preferences.cpp:503] getBytesLength(): nvs_get_blob len fail: mat11 NOT_FOUND
[FAULT] F-03 lock restored after reboot (total 1 latches)
TFT: direct-render fallback, PSRAM free=0 bytes
[NET] chip id = CH-************  ; (脱敏:此值兼作 OTA 密码,不入公开仓库)
[NET] No saved creds / connect failed, AP config portal active
[NET] WiFiManager started, AP fallback SSID=FilamentChamber-Setup
chamber=nanC humidity=nan%
chamber=nanC humidity=nan%
chamber=nanC humidity=nan%
chamber=nanC humidity=nan%
chamber=nanC humidity=nan%
chamber=nanC humidity=nan%
chamber=nanC humidity=nan%
chamber=nanC humidity=nan%
chamber=nanC humidity=nan%
chamber=nanC humidity=nan%
chamber=nanC humidity=nan%
chamber=nanC humidity=nan%
chamber=nanC humidity=nan%
chamber=nanC humidity=nan%
chamber=nanC humidity=nan%
chamber=nanC humidity=nan%
chamber=nanC humidity=nan%
chamber=nanC humidity=nan%
chamber=nanC humidity=nan%
chamber=nanC humidity=nan%
chamber=nanC humidity=nan%
chamber=nanC humidity=nan%
chamber=nanC humidity=nan%
chamber=nanC humidity=nan%
chamber=nanC humidity=nan%
chamber=nanC humidity=nan%
chamber=nanC humidity=nan%
chamber=nanC humidity=nan%
chamber=nanC humidity=nan%
